// Vitest Snapshot v1, https://vitest.dev/guide/snapshot.html

exports[`Compara snapshot > Testa mudan√ßa no html 1`] = `
"<div data-v-96737f60="" class="fixed h-screen left-0 top-0 w-screen z-10" role="dialog" aria-modal="true" aria-labelledby="modal-heading" aria-describedby="modal-content">
  <div data-v-96737f60="" class="fixed inset-0 bg-gray-600 bg-opacity-75 transition-opacity" data-testid="modal-overlay"></div>
  <div data-v-96737f60="" class="top-0 overflow-y-auto">
    <div data-v-96737f60="" class="flex min-h-screen justify-center p-4 text-center items-center sm:p-0">
      <div data-v-96737f60="" class="relative overflow-hidden rounded-lg bg-white text-left shadow-xl sm:my-8 sm:w-full sm:max-w-lg dialog-content">
        <div data-v-96737f60="" class="p-4 sm:p-10 text-center overflow-y-auto">
          <h3 data-v-96737f60="" id="modal-heading" class="mb-5 text-2xl font-bold text-gray-800"></h3>
          <div data-v-96737f60="" id="modal-content" class="text-gray-500"></div>
          <div data-v-96737f60="" class="mt-6 flex justify-end gap-x-4"><button data-v-9ab42fc5="" data-v-96737f60="" class="link" data-testid="button-cancel"> Cancelar </button><button data-v-9ab42fc5="" data-v-96737f60="" class="primary" data-testid="button-confirm"> Confirmar </button></div>
        </div>
      </div>
    </div>
  </div>
</div>"
`;
